╭─ Workflows ──────────────────────────────────────────────╮
│🔔 🔒 Status    Name            Workers  Health   Uptime  │
│      RUNNING   Workflow 1      2        ❤️ 0s    -       │
│      PENDING   Workflow 2      0        -        -       │
│                                                          │
│                                                          │
│                                                          │
│                                                          │
╰──────────────────────────────────────────────────────────╯
 No epic associated with this workflow                      
╭──────────────────────────────────────────────────────────╮
│j/k nav  tab cycle  n new  s start  x pause  ? help  q    │
╰──────────────────────────────────────────────────────────╯
                                                            
                                                            
                                                            
                                                            
                                                            
                                                            
                                                            