╭─ Workflows ──────────────────────────────────────────────────────────────────────────────────────╮
│🔔 Status    Name                                      EpicID           Workers  Health   Uptime  │
│   RUNNING   Running workflow with timestamp           -                1        ❤️ 0s    5m      │
│                                                                                                  │
│                                                                                                  │
│                                                                                                  │
│                                                                                                  │
│                                                                                                  │
│                                                                                                  │
│                                                                                                  │
│                                                                                                  │
│                                                                                                  │
│                                                                                                  │
│                                                                                                  │
│                                                                                                  │
│                                                                                                  │
╰──────────────────────────────────────────────────────────────────────────────────────────────────╯
╭──────────────────────────────────────────────────────────────────────────────────────────────────╮
│[s] start  [x] stop  [n] new  [ctrl+w] chat  [?] help  [q] quit                                   │
╰──────────────────────────────────────────────────────────────────────────────────────────────────╯