╭─ Workflows ──────────────────────────────────────────────────────────────────────────────────────╮
│🔔 Status    Name                                      EpicID           Workers  Health   Uptime  │
│   RUNNING   This is a very long workflow name that... -                2        ❤️ 0s    -       │
│   PENDING   Another extremely long workflow name f... -                0        -        -       │
│                                                                                                  │
│                                                                                                  │
│                                                                                                  │
│                                                                                                  │
│                                                                                                  │
│                                                                                                  │
│                                                                                                  │
│                                                                                                  │
│                                                                                                  │
│                                                                                                  │
│                                                                                                  │
│                                                                                                  │
│                                                                                                  │
│                                                                                                  │
│                                                                                                  │
│                                                                                                  │
│                                                                                                  │
│                                                                                                  │
│                                                                                                  │
│                                                                                                  │
│                                                                                                  │
│                                                                                                  │
╰──────────────────────────────────────────────────────────────────────────────────────────────────╯
╭──────────────────────────────────────────────────────────────────────────────────────────────────╮
│[s] start  [x] stop  [n] new  [ctrl+w] chat  [?] help  [q] quit                                   │
╰──────────────────────────────────────────────────────────────────────────────────────────────────╯