╭─ Workflows ──────────╭────────────────────────────────────────────────────╮──────────────────────╮
│🔔 🔒 Status    Name  │ Edit Issue                       [T][P1][task-001] │ers  Health   Uptime  │
│      RUNNING   Workfl│────────────────────────────────────────────────────│     ❤️ 0s    -       │
│                      │                                                    │                      │
│                      │ ╭─ Priority (Space to toggle) ───────────────────╮ │                      │
│                      │ │ ( ) P0 - Critical                              │ │                      │
│                      │ │>(●) P1 - High                                  │ │                      │
│                      │ │ ( ) P2 - Medium                                │ │                      │
│                      │ │ ( ) P3 - Low                                   │ │                      │
│                      │ │ ( ) P4 - Backlog                               │ │                      │
│                      │ ╰────────────────────────────────────────────────╯ │                      │
╰──────────────────────│                                                    │──────────────────────╯
 No tasks in epic      │ ╭─ Status (Space to toggle) ─────────────────────╮ │                       
╭──────────────────────│ │ (●) Open                                       │ │──────────────────────╮
│j/k nav  tab cycle  n │ │ ( ) In Progress                                │ │                      │
╰──────────────────────│ │ ( ) Closed                                     │ │──────────────────────╯
                       │ ╰────────────────────────────────────────────────╯ │                       
                       │                                                    │                       
                       │ ╭─ Labels (Space to toggle) ─────────────────────╮ │                       
                       │ │ [x] auth                                       │ │                       
                       │ │ [x] feature                                    │ │                       
                       │ ╰────────────────────────────────────────────────╯ │                       
                       │                                                    │                       
                       │ ╭─ Add Label (Enter to add) ─────────────────────╮ │                       
                       │ │ Enter label name...                            │ │                       
                       │                                                    │                       
                       │    Save      Cancel                                │                       
                       │                                                    │                       
                       ╰────────────────────────────────────────────────────╯                       
                                                                                                    