╭─ Workflows ──────────────────────────────────────────────────────────────────────────────────────────────────────────╮
│#   Status    Name                  EpicID           WorkDir                 Workers  Health   Uptime   Started       │
│1   RUNNING   Build authenticati... -                ·                       2        ❤️ 0s    -        -             │
│                                                                                                                      │
│                                                                                                                      │
│                                                                                                                      │
│                                                                                                                      │
│                                                                                                                      │
│                                                                                                                      │
│                                                                                                                      │
│                              ╭───────────────────────────────────────────────────────╮                               │
│                              │  Dashboard Help                                       │                               │
│                              │───────────────────────────────────────────────────────│                               │
│                              │                                                       │                               │
│                              │  Navigation                Workflow Actions           │                               │
│                              │  k/↑        move up        s          start workflow  │                               │
│                              │  j/↓        move down      x          stop workflow   │                               │
│                              │  g          go to first    n          new workflow    │                               │
│                              │  G          go to last     ?          toggle help     │                               │
│                              │                            q          quit            │                               │
│                              │                                                       │                               │
│                              │                                                       │                               │
│                              │  Press ? or Esc to close                              │                               │
│                              ╰───────────────────────────────────────────────────────╯                               │
│                                                                                                                      │
│                                                                                                                      │
│                                                                                                                      │
│                                                                                                                      │
│                                                                                                                      │
│                                                                                                                      │
│                                                                                                                      │
╰──────────────────────────────────────────────────────────────────────────────────────────────────────────────────────╯
╭──────────────────────────────────────────────────────────────────────────────────────────────────────────────────────╮
│[s] start  [x] stop  [n] new  [?] help  [q] quit                                                                      │
╰──────────────────────────────────────────────────────────────────────────────────────────────────────────────────────╯