╭─ Workflows ────────────────────────────────────────────────────────────────────────────╮
│🔔 Status    Name                                             Workers  Health   Uptime  │
│   RUNNING   Running workflow                                 1        ❤️ 0s    5m      │
│                                                                                        │
│                                                                                        │
│                                                                                        │
│                                                                                        │
│                                                                                        │
│                                                                                        │
│                                                                                        │
│                                                                                        │
│                                                                                        │
│                                                                                        │
│                                                                                        │
│                                                                                        │
│                                                                                        │
╰────────────────────────────────────────────────────────────────────────────────────────╯
╭────────────────────────────────────────────────────────────────────────────────────────╮
│[s] start  [x] stop  [n] new  [ctrl+w] chat  [?] help  [q] quit                         │
╰────────────────────────────────────────────────────────────────────────────────────────╯