╭─ Workflows ────────────────────────────────────────────────────────╮╭─ ○ Coord ─ Msgs ───────────────────────────────╮
│🔔 Status    Name                         Workers  Health   Uptime  ││                                                │
│   RUNNING   Running workflow with coo... 2        ❤️ 0s    -       ││                                                │
│   PENDING   Another workflow             0        -        -       ││                                                │
│                                                                    ││                                                │
│                                                                    ││                                                │
│                                                                    ││                                                │
│                                                                    ││                                                │
│                                                                    ││                                                │
│                                                                    ││                                                │
│                                                                    ││                                                │
│                                                                    ││                                                │
│                                                                    ││                                                │
│                                                                    ││                                                │
│                                                                    ││                                                │
│                                                                    ││No messages yet. The coordinator will appear her│
│                                                                    │╰────────────────────────────────────────────────╯
│                                                                    │╭────────────────────────────────────────────────╮
│                                                                    ││ Message coordinator...                         │
│                                                                    ││                                                │
│                                                                    ││                                                │
╰────────────────────────────────────────────────────────────────────╯╰─ [INSERT] ─────────────────────────────────────╯
╭──────────────────────────────────────────────────────────────────────────────────────────────────────────────────────╮
│[s] start  [x] stop  [n] new  [ctrl+w] chat  [?] help  [q] quit                                                       │
╰──────────────────────────────────────────────────────────────────────────────────────────────────────────────────────╯