╭─ Workflows ──────────────────────────────────────────────╮
│🔔 Status    Name               Workers  Health   Uptime  │
│   RUNNING   Workflow 1         2        ❤️ 0s    -       │
│   PENDING   Workflow 2         0        -        -       │
│                                                          │
│                                                          │
│                                                          │
│                                                          │
│                                                          │
│                                                          │
│                                                          │
│                                                          │
│                                                          │
│                                                          │
│                                                          │
│                                                          │
╰──────────────────────────────────────────────────────────╯
╭──────────────────────────────────────────────────────────╮
│[s] start  [x] stop  [n] new  [ctrl+w] chat  [?] help  [q]│
╰──────────────────────────────────────────────────────────╯