╭─ Workflows ──────────────────────────────────────────────────────────────────────────────────────────────────────────╮
│🔔 🔒 Status    Name                EpicID           WorkDir                 Workers  Health   Uptime   Started       │
│      RUNNING   Build authentica... -                ·                       2        ❤️ 0s    -        -             │
│                                                                                                                      │
│                                                                                                                      │
│                                                                                                                      │
│                                                                                                                      │
│                                                                                                                      │
│                                                                                                                      │
│                                                                                                                      │
│                        ╭───────────────────────────────────────────────────────────────────╮                         │
│                        │  Dashboard Help                                                   │                         │
│                        │───────────────────────────────────────────────────────────────────│                         │
╰────────────────────────│                                                                   │─────────────────────────╯
 No epic associated with │  Navigation                     Workflow Actions                  │                          
╭────────────────────────│  k/↑        move up             s          start/resume workflow  │─────────────────────────╮
│j/k nav  tab cycle  n ne│  j/↓        move down           x          pause workflow         │                         │
╰────────────────────────│  g          go to first         n          new workflow           │─────────────────────────╯
                         │  G          go to last          ?          toggle help            │                          
                         │  Tab        cycle focus zone    q          quit                   │                          
                         │                                                                   │                          
                         │                                                                   │                          
                         │  Press ? or Esc to close                                          │                          
                         ╰───────────────────────────────────────────────────────────────────╯                          
                                                                                                                        
                                                                                                                        
                                                                                                                        
                                                                                                                        
                                                                                                                        
                                                                                                                        
                                                                                                                        
                                                                                                                        
                                                                                                                        
                                                                                                                        
                                                                                                                        