╭─ Workflows ──────────────────────────────────────────────────────────────────────────────────────╮
│🔔 Status    Name                                      EpicID           Workers  Health   Uptime  │
│   RUNNING   Build authentication system               -                3        ❤️ 0s    -       │
│   PAUSED    Auth token refresh handler                -                1        -        -       │
│                                                                                                  │
│                                                                                                  │
│                                                                                                  │
│                                                                                                  │
│                                                                                                  │
│                                                                                                  │
│                                                                                                  │
│                                                                                                  │
│                                                                                                  │
│                                                                                                  │
│                                                                                                  │
│                                                                                                  │
│                                                                                                  │
│                                                                                                  │
│                                                                                                  │
│                                                                                                  │
│                                                                                                  │
│                                                                                                  │
│                                                                                                  │
│                                                                                                  │
│                                                                                                  │
│                                                                                                  │
╰──────────────────────────────────────────────────────────────────────────────────────────────────╯
╭──────────────────────────────────────────────────────────────────────────────────────────────────╮
│[s] start  [x] stop  [n] new  [ctrl+w] chat  [?] help  [q] quit                                   │
╰──────────────────────────────────────────────────────────────────────────────────────────────────╯