╭─ Workflows ──────────────────────────────────────────────────────────────────────────────────────────────────────────╮
│🔔 Status    Name                   EpicID           WorkDir                 Workers  Health   Uptime   Started       │
│   RUNNING   Epic-linked workflow   perles-abc.1     ·                       2        ❤️ 0s    -        -             │
│   PENDING   Standalone workflow    -                ·                       0        -        -        -             │
│   RUNNING   Another epic workflow  epic-xyz         ·                       1        ❤️ 0s    -        -             │
│                                                                                                                      │
│                                                                                                                      │
│                                                                                                                      │
│                                                                                                                      │
│                                                                                                                      │
│                                                                                                                      │
│                                                                                                                      │
│                                                                                                                      │
│                                                                                                                      │
│                                                                                                                      │
│                                                                                                                      │
╰──────────────────────────────────────────────────────────────────────────────────────────────────────────────────────╯
╭──────────────────────────────────────────────────────────────────────────────────────────────────────────────────────╮
│[s] start  [x] stop  [n] new  [ctrl+w] chat  [?] help  [q] quit                                                       │
╰──────────────────────────────────────────────────────────────────────────────────────────────────────────────────────╯