╭─ Chat ─ Sessions ────────────────────────────────────────╮
│                                                          │
│                                                          │
│                                                          │
│                                                          │
│                                                          │
│                                                          │
│                                                          │
│You                                                       │
│Hello                                                     │
│                                                          │
│Assistant                                                 │
│Hi!                                                       │
╰──────────────────────────────────────────────────────────╯
╭──────────────────────────────────────────────────────────╮
│                                                          │
│                                                          │
│                                                          │
│                                                          │
╰─ [INSERT] ───────────────────────────────────────────────╯