╭─ Chat ─ Sessions ────────────────────────────────────────╮
╭────────────────────────────────────────────────────────────────────────────────╮
│ Chat Workflows                                               ↑/↓ • Enter • Esc │
│────────────────────────────────────────────────────────────────────────────────│
│ > Search workflows...                                                          │
│────────────────────────────────────────────────────────────────────────────────│
│>Quick Plan                                                                     │
│  Plan quickly                                                                  │
│                                                                                │
│ Research                                                                       │
│  Research a topic                                                              │
│                                                                                │
│                                                                                │
│                                                                                │
│                                                                                │
│                                                                                │
│                                                                                │
│                                                                                │
╰────────────────────────────────────────────────────────────────────────────────╯
╰─ [INSERT] ───────────────────────────────────────────────╯