╭─ Workflows ──────────────────────────────────────────────────────────────────╮
│#   St Name                                                 Workers     Tokens│
│1   ▶  Only workflow                                              2      50000│
│                                                                              │
│                                                                              │
│                                                                              │
│                                                                              │
│                                                                              │
│                                                                              │
╰──────────────────────────────────────────────────────────────────────────────╯