╭────────────────────────────────────────────────────────╮
│ Logs                                       [ESC] Close │
│────────────────────────────────────────────────────────│
│No logs to display                                      │
│                                                        │
│                                                        │
│                                                        │
│                                                        │
│                                                        │
│                                                        │
│                                                        │
│                                                        │
│                                                        │
│                                                        │
│                                                        │
│                                                        │
│                                                        │
│────────────────────────────────────────────────────────│
│[c] Clear  [d] Debug  [i] Info  [w] Warn  [e] Error     │
╰────────────────────────────────────────────────────────╯